../Core/Src/tm_stm32f4_mfrc522.c:25:6:TM_MFRC522_Init	8	static
../Core/Src/tm_stm32f4_mfrc522.c:54:21:TM_MFRC522_Check	24	static
../Core/Src/tm_stm32f4_mfrc522.c:68:21:TM_MFRC522_Compare	24	static
../Core/Src/tm_stm32f4_mfrc522.c:78:6:TM_MFRC522_InitPins	8	static
../Core/Src/tm_stm32f4_mfrc522.c:94:6:TM_MFRC522_WriteRegister	24	static
../Core/Src/tm_stm32f4_mfrc522.c:109:9:TM_MFRC522_ReadRegister	24	static
../Core/Src/tm_stm32f4_mfrc522.c:126:6:TM_MFRC522_SetBitMask	16	static
../Core/Src/tm_stm32f4_mfrc522.c:130:6:TM_MFRC522_ClearBitMask	16	static
../Core/Src/tm_stm32f4_mfrc522.c:134:6:TM_MFRC522_AntennaOn	16	static
../Core/Src/tm_stm32f4_mfrc522.c:143:6:TM_MFRC522_AntennaOff	8	static
../Core/Src/tm_stm32f4_mfrc522.c:147:6:TM_MFRC522_Reset	8	static
../Core/Src/tm_stm32f4_mfrc522.c:151:21:TM_MFRC522_Request	32	static
../Core/Src/tm_stm32f4_mfrc522.c:167:21:TM_MFRC522_ToCard	40	static
../Core/Src/tm_stm32f4_mfrc522.c:254:21:TM_MFRC522_Anticoll	32	static
../Core/Src/tm_stm32f4_mfrc522.c:278:6:TM_MFRC522_CalculateCRC	40	static
../Core/Src/tm_stm32f4_mfrc522.c:303:9:TM_MFRC522_SelectTag	40	static
../Core/Src/tm_stm32f4_mfrc522.c:327:21:TM_MFRC522_Auth	48	static
../Core/Src/tm_stm32f4_mfrc522.c:351:21:TM_MFRC522_Read	32	static
../Core/Src/tm_stm32f4_mfrc522.c:367:21:TM_MFRC522_Write	48	static
../Core/Src/tm_stm32f4_mfrc522.c:398:6:TM_MFRC522_Halt	24	static
