../Core/Src/main.c:82:6:MPU6050_Init	80	static
../Core/Src/main.c:123:6:Read_Sensor_Data	152	static
../Core/Src/main.c:154:6:Send_Serial_Plotter_Data	144	static
../Core/Src/main.c:178:6:Scan_I2C_Addresses	64	static
../Core/Src/main.c:213:5:main	8	static
../Core/Src/main.c:272:6:SystemClock_Config	88	static
../Core/Src/main.c:314:13:MX_I2C1_Init	8	static
../Core/Src/main.c:362:13:MX_USART1_UART_Init	8	static
../Core/Src/main.c:395:13:MX_GPIO_Init	16	static
../Core/Src/main.c:418:6:Error_Handler	4	static,ignoring_inline_asm
