../Core/Src/main.c:82:6:MPU6050_Init	80	static
../Core/Src/main.c:123:6:Read_Sensor_Data	168	static
../Core/Src/main.c:157:6:Send_Serial_Plotter_Data	144	static
../Core/Src/main.c:181:6:Scan_I2C_Addresses	64	static
../Core/Src/main.c:216:5:main	8	static
../Core/Src/main.c:275:6:SystemClock_Config	88	static
../Core/Src/main.c:317:13:MX_I2C1_Init	8	static
../Core/Src/main.c:365:13:MX_USART1_UART_Init	8	static
../Core/Src/main.c:398:13:MX_GPIO_Init	16	static
../Core/Src/main.c:421:6:Error_Handler	4	static,ignoring_inline_asm
