../Core/Src/main.c:85:6:SendChar	24	static
../Core/Src/main.c:100:5:main	8	static
../Core/Src/main.c:191:6:SystemClock_Config	88	static
../Core/Src/main.c:245:13:MX_USART1_UART_Init	8	static
../Core/Src/main.c:278:13:MX_GPIO_Init	40	static
../Core/Src/main.c:324:6:StartDefaultTask	16	static
../Core/Src/main.c:343:6:StartTask02	24	static
../Core/Src/main.c:368:6:StartTask03	24	static
../Core/Src/main.c:392:6:HAL_TIM_PeriodElapsedCallback	16	static
../Core/Src/main.c:409:6:Error_Handler	4	static,ignoring_inline_asm
