../Core/Src/main.c:86:6:SetTime	32	static
../Core/Src/main.c:99:13:GetRTCTime	40	static
../Core/Src/main.c:120:6:DisplayTimeOnUART	56	static
../Core/Src/main.c:133:6:DisplayTimeOnSH1106	24	static
../Core/Src/main.c:155:6:InitDisplay	8	static
../Core/Src/main.c:166:5:isValidCardId	64	static
../Core/Src/main.c:188:6:addNewRfid	16	static
../Core/Src/main.c:205:6:processCommand	40	static
../Core/Src/main.c:272:6:initDefaultRfids	8	static
../Core/Src/main.c:283:5:main	56	static
../Core/Src/main.c:535:6:SystemClock_Config	88	static
../Core/Src/main.c:588:13:MX_I2C3_Init	8	static
../Core/Src/main.c:636:13:MX_SPI4_Init	8	static
../Core/Src/main.c:674:13:MX_USART1_UART_Init	8	static
../Core/Src/main.c:707:13:MX_GPIO_Init	48	static
../Core/Src/main.c:756:6:Error_Handler	4	static,ignoring_inline_asm
