../Core/Src/main.c:83:6:SetTime	32	static
../Core/Src/main.c:96:13:GetRTCTime	40	static
../Core/Src/main.c:117:6:DisplayTimeOnUART	56	static
../Core/Src/main.c:130:6:DisplayTimeOnSH1106	24	static
../Core/Src/main.c:152:6:InitDisplay	8	static
../Core/Src/main.c:162:5:isValidCardId	72	static
../Core/Src/main.c:190:5:main	56	static
../Core/Src/main.c:375:6:SystemClock_Config	88	static
../Core/Src/main.c:428:13:MX_I2C3_Init	8	static
../Core/Src/main.c:476:13:MX_SPI4_Init	8	static
../Core/Src/main.c:514:13:MX_USART1_UART_Init	8	static
../Core/Src/main.c:547:13:MX_GPIO_Init	48	static
../Core/Src/main.c:590:6:Error_Handler	4	static,ignoring_inline_asm
