15:15:28 **** Incremental Build of configuration Debug for project 3.2_thuc_hanh ****
make -j16 all 
arm-none-eabi-gcc "../Core/Src/main.c" -mcpu=cortex-m4 -std=gnu11 -g3 -DDEBUG -DUSE_HAL_DRIVER -DSTM32F429xx -c -I../Core/Inc -I../Drivers/STM32F4xx_HAL_Driver/Inc -I../Drivers/STM32F4xx_HAL_Driver/Inc/Legacy -I../Drivers/CMSIS/Device/ST/STM32F4xx/Include -I../Drivers/CMSIS/Include -O0 -ffunction-sections -fdata-sections -Wall -fstack-usage -fcyclomatic-complexity -MMD -MP -MF"Core/Src/main.d" -MT"Core/Src/main.o" --specs=nano.specs -mfpu=fpv4-sp-d16 -mfloat-abi=hard -mthumb -o "Core/Src/main.o"
arm-none-eabi-g++ -o "3.2_thuc_hanh.elf" @"objects.list"   -mcpu=cortex-m4 -T"D:\STM32\3.2_thuc_hanh\STM32F429ZETX_FLASH.ld" --specs=nosys.specs -Wl,-Map="3.2_thuc_hanh.map" -Wl,--gc-sections -static --specs=nano.specs -mfpu=fpv4-sp-d16 -mfloat-abi=hard -mthumb -Wl,--start-group -lc -lm -lstdc++ -lsupc++ -Wl,--end-group
Finished building target: 3.2_thuc_hanh.elf
 
arm-none-eabi-size  3.2_thuc_hanh.elf 
arm-none-eabi-objdump -h -S 3.2_thuc_hanh.elf  > "3.2_thuc_hanh.list"
   text	   data	    bss	    dec	    hex	filename
   6344	     12	   1572	   7928	   1ef8	3.2_thuc_hanh.elf
Finished building: default.size.stdout
 
Finished building: 3.2_thuc_hanh.list
 

15:15:30 Build Finished. 0 errors, 0 warnings. (took 1s.265ms)

