15:30:15 **** Incremental Build of configuration Debug for project BTL_2 ****
make -j16 all 
arm-none-eabi-gcc "../Core/Src/main.c" -mcpu=cortex-m4 -std=gnu11 -g3 -DDEBUG -DUSE_HAL_DRIVER -DSTM32F429xx -c -I../Core/Inc -I../Drivers/STM32F4xx_HAL_Driver/Inc -I../Drivers/STM32F4xx_HAL_Driver/Inc/Legacy -I../Drivers/CMSIS/Device/ST/STM32F4xx/Include -I../Drivers/CMSIS/Include -O0 -ffunction-sections -fdata-sections -Wall -fstack-usage -fcyclomatic-complexity -MMD -MP -MF"Core/Src/main.d" -MT"Core/Src/main.o" --specs=nano.specs -mfpu=fpv4-sp-d16 -mfloat-abi=hard -mthumb -o "Core/Src/main.o"
arm-none-eabi-gcc -o "BTL_2.elf" @"objects.list"   -mcpu=cortex-m4 -T"D:\STM32\BTL_2\STM32F429ZITX_FLASH.ld" --specs=nosys.specs -Wl,-Map="BTL_2.map" -Wl,--gc-sections -static --specs=nano.specs -mfpu=fpv4-sp-d16 -mfloat-abi=hard -mthumb -Wl,--start-group -lc -lm -Wl,--end-group
Finished building target: BTL_2.elf
 
arm-none-eabi-size  BTL_2.elf 
arm-none-eabi-objdump -h -S BTL_2.elf  > "BTL_2.list"
   text	   data	    bss	    dec	    hex	filename
  17076	     92	   2060	  19228	   4b1c	BTL_2.elf
Finished building: default.size.stdout
 
Finished building: BTL_2.list
 

15:30:16 Build Finished. 0 errors, 0 warnings. (took 1s.269ms)

