17:30:08 **** Incremental Build of configuration Debug for project IrRemoteControl ****
make -j16 all 
arm-none-eabi-gcc "../Core/Src/main.c" -mcpu=cortex-m4 -std=gnu11 -g3 -DDEBUG -DUSE_HAL_DRIVER -DSTM32F429xx -c -I../Core/Inc -I../Drivers/STM32F4xx_HAL_Driver/Inc -I../Drivers/STM32F4xx_HAL_Driver/Inc/Legacy -I../Drivers/CMSIS/Device/ST/STM32F4xx/Include -I../Drivers/CMSIS/Include -O0 -ffunction-sections -fdata-sections -Wall -fstack-usage -fcyclomatic-complexity -MMD -MP -MF"Core/Src/main.d" -MT"Core/Src/main.o" --specs=nano.specs -mfpu=fpv4-sp-d16 -mfloat-abi=hard -mthumb -o "Core/Src/main.o"
arm-none-eabi-gcc -o "IrRemoteControl.elf" @"objects.list"   -mcpu=cortex-m4 -T"D:\Download\IrRemoteControl\IrRemoteControl\STM32F429ZITX_FLASH.ld" --specs=nosys.specs -Wl,-Map="IrRemoteControl.map" -Wl,--gc-sections -static --specs=nano.specs -mfpu=fpv4-sp-d16 -mfloat-abi=hard -mthumb -Wl,--start-group -lc -lm -Wl,--end-group
Finished building target: IrRemoteControl.elf
 
arm-none-eabi-size  IrRemoteControl.elf 
arm-none-eabi-objdump -h -S IrRemoteControl.elf  > "IrRemoteControl.list"
   text	   data	    bss	    dec	    hex	filename
  14824	     96	   2200	  17120	   42e0	IrRemoteControl.elf
Finished building: default.size.stdout
 
Finished building: IrRemoteControl.list
 

17:30:09 Build Finished. 0 errors, 0 warnings. (took 1s.187ms)

