11:40:20 **** Incremental Build of configuration Debug for project Joy_stick ****
make -j16 all 
arm-none-eabi-gcc "../Core/Src/main.c" -mcpu=cortex-m4 -std=gnu11 -g3 -DDEBUG -DUSE_HAL_DRIVER -DSTM32F429xx -c -I../Core/Inc -I../Drivers/STM32F4xx_HAL_Driver/Inc -I../Drivers/STM32F4xx_HAL_Driver/Inc/Legacy -I../Drivers/CMSIS/Device/ST/STM32F4xx/Include -I../Drivers/CMSIS/Include -O0 -ffunction-sections -fdata-sections -Wall -fstack-usage -fcyclomatic-complexity -MMD -MP -MF"Core/Src/main.d" -MT"Core/Src/main.o" --specs=nano.specs -mfpu=fpv4-sp-d16 -mfloat-abi=hard -mthumb -o "Core/Src/main.o"
../Core/Src/main.c: In function 'main':
../Core/Src/main.c:117:18: warning: implicit declaration of function 'sprintf' [-Wimplicit-function-declaration]
  117 |                  sprintf(s, "%3d\n", avg);
      |                  ^~~~~~~
../Core/Src/main.c:22:1: note: include '<stdio.h>' or provide a declaration of 'sprintf'
   21 | #include "string.h"
  +++ |+#include <stdio.h>
   22 | /* Private includes ----------------------------------------------------------*/
../Core/Src/main.c:117:18: warning: incompatible implicit declaration of built-in function 'sprintf' [-Wbuiltin-declaration-mismatch]
  117 |                  sprintf(s, "%3d\n", avg);
      |                  ^~~~~~~
../Core/Src/main.c:117:18: note: include '<stdio.h>' or provide a declaration of 'sprintf'
../Core/Src/main.c:118:45: warning: pointer targets in passing argument 2 of 'HAL_UART_Transmit' differ in signedness [-Wpointer-sign]
  118 |                  HAL_UART_Transmit(&huart1, s, 4, 10);
      |                                             ^
      |                                             |
      |                                             char *
In file included from ../Core/Inc/stm32f4xx_hal_conf.h:411,
                 from ../Drivers/STM32F4xx_HAL_Driver/Inc/stm32f4xx_hal.h:29,
                 from ../Core/Inc/main.h:30,
                 from ../Core/Src/main.c:20:
../Drivers/STM32F4xx_HAL_Driver/Inc/stm32f4xx_hal_uart.h:745:79: note: expected 'const uint8_t *' {aka 'const unsigned char *'} but argument is of type 'char *'
  745 | HAL_StatusTypeDef HAL_UART_Transmit(UART_HandleTypeDef *huart, const uint8_t *pData, uint16_t Size, uint32_t Timeout);
      |                                                                ~~~~~~~~~~~~~~~^~~~~
arm-none-eabi-g++ -o "Joy_stick.elf" @"objects.list"   -mcpu=cortex-m4 -T"D:\STM32\Joy_stick\STM32F429ZITX_FLASH.ld" --specs=nosys.specs -Wl,-Map="Joy_stick.map" -Wl,--gc-sections -static --specs=nano.specs -mfpu=fpv4-sp-d16 -mfloat-abi=hard -mthumb -Wl,--start-group -lc -lm -lstdc++ -lsupc++ -Wl,--end-group
Finished building target: Joy_stick.elf
 
arm-none-eabi-size  Joy_stick.elf 
arm-none-eabi-objdump -h -S Joy_stick.elf  > "Joy_stick.list"
   text	   data	    bss	    dec	    hex	filename
  14008	     92	  46220	  60320	   eba0	Joy_stick.elf
Finished building: default.size.stdout
 
Finished building: Joy_stick.list
 

11:40:22 Build Finished. 0 errors, 3 warnings. (took 1s.143ms)

