11:35:25 **** Incremental Build of configuration Debug for project ok nha ****
make -j16 all 
arm-none-eabi-gcc "../Core/Src/stm32f4xx_it.c" -mcpu=cortex-m4 -std=gnu11 -g3 -DDEBUG -DUSE_HAL_DRIVER -DSTM32F429xx -c -I../Core/Inc -I../Drivers/STM32F4xx_HAL_Driver/Inc -I../Drivers/STM32F4xx_HAL_Driver/Inc/Legacy -I../Drivers/CMSIS/Device/ST/STM32F4xx/Include -I../Drivers/CMSIS/Include -O0 -ffunction-sections -fdata-sections -Wall -fstack-usage -fcyclomatic-complexity -MMD -MP -MF"Core/Src/stm32f4xx_it.d" -MT"Core/Src/stm32f4xx_it.o" --specs=nano.specs -mfpu=fpv4-sp-d16 -mfloat-abi=hard -mthumb -o "Core/Src/stm32f4xx_it.o"
../Core/Src/stm32f4xx_it.c:60:12: warning: 'tim6' initialized and declared 'extern'
   60 | extern int tim6 = 0;
      |            ^~~~
../Core/Src/stm32f4xx_it.c: In function 'EXTI15_10_IRQHandler':
../Core/Src/stm32f4xx_it.c:234:5: warning: implicit declaration of function 'printf' [-Wimplicit-function-declaration]
  234 |     printf("%d", distance);
      |     ^~~~~~
../Core/Src/stm32f4xx_it.c:23:1: note: include '<stdio.h>' or provide a declaration of 'printf'
   22 | #include "stm32f4xx_it.h"
  +++ |+#include <stdio.h>
   23 | /* Private includes ----------------------------------------------------------*/
../Core/Src/stm32f4xx_it.c:234:5: warning: incompatible implicit declaration of built-in function 'printf' [-Wbuiltin-declaration-mismatch]
  234 |     printf("%d", distance);
      |     ^~~~~~
../Core/Src/stm32f4xx_it.c:234:5: note: include '<stdio.h>' or provide a declaration of 'printf'
../Core/Src/stm32f4xx_it.c:234:14: warning: format '%d' expects argument of type 'int', but argument 2 has type 'double' [-Wformat=]
  234 |     printf("%d", distance);
      |             ~^   ~~~~~~~~
      |              |   |
      |              int double
      |             %f
../Core/Src/stm32f4xx_it.c:246:13: warning: unused variable 'brightness' [-Wunused-variable]
  246 |     uint8_t brightness = (uint8_t)((distance - 20) * 8.5); // 255/(50-20) = 8.5
      |             ^~~~~~~~~~
arm-none-eabi-gcc -o "ok nha.elf" @"objects.list"   -mcpu=cortex-m4 -T"D:\STM32\ok nha\STM32F429ZITX_FLASH.ld" --specs=nosys.specs -Wl,-Map="ok nha.map" -Wl,--gc-sections -static --specs=nano.specs -mfpu=fpv4-sp-d16 -mfloat-abi=hard -mthumb -Wl,--start-group -lc -lm -Wl,--end-group
Finished building target: ok nha.elf
 
arm-none-eabi-size  ok\ nha.elf 
arm-none-eabi-objdump -h -S ok\ nha.elf  > "ok nha.list"
   text	   data	    bss	    dec	    hex	filename
  15160	    104	   1984	  17248	   4360	ok nha.elf
Finished building: default.size.stdout
 
Finished building: ok nha.list
 

11:35:26 Build Finished. 0 errors, 5 warnings. (took 1s.352ms)

