10:41:40 **** Incremental Build of configuration Debug for project RFID ****
make -j16 all 
arm-none-eabi-gcc "../Core/Src/main.c" -mcpu=cortex-m4 -std=gnu11 -g3 -DDEBUG -DUSE_HAL_DRIVER -DSTM32F429xx -c -I../Core/Inc -I../Drivers/STM32F4xx_HAL_Driver/Inc -I../Drivers/STM32F4xx_HAL_Driver/Inc/Legacy -I../Drivers/CMSIS/Device/ST/STM32F4xx/Include -I../Drivers/CMSIS/Include -O0 -ffunction-sections -fdata-sections -Wall -fstack-usage -fcyclomatic-complexity -MMD -MP -MF"Core/Src/main.d" -MT"Core/Src/main.o" --specs=nano.specs -mfpu=fpv4-sp-d16 -mfloat-abi=hard -mthumb -o "Core/Src/main.o"
arm-none-eabi-gcc "../Core/Src/tm_stm32f4_mfrc522.c" -mcpu=cortex-m4 -std=gnu11 -g3 -DDEBUG -DUSE_HAL_DRIVER -DSTM32F429xx -c -I../Core/Inc -I../Drivers/STM32F4xx_HAL_Driver/Inc -I../Drivers/STM32F4xx_HAL_Driver/Inc/Legacy -I../Drivers/CMSIS/Device/ST/STM32F4xx/Include -I../Drivers/CMSIS/Include -O0 -ffunction-sections -fdata-sections -Wall -fstack-usage -fcyclomatic-complexity -MMD -MP -MF"Core/Src/tm_stm32f4_mfrc522.d" -MT"Core/Src/tm_stm32f4_mfrc522.o" --specs=nano.specs -mfpu=fpv4-sp-d16 -mfloat-abi=hard -mthumb -o "Core/Src/tm_stm32f4_mfrc522.o"
../Core/Src/main.c: In function 'main':
../Core/Src/main.c:101:3: warning: implicit declaration of function 'sprintf' [-Wimplicit-function-declaration]
  101 |   sprintf(buf, "RFID Reader Initialized\r\n");
      |   ^~~~~~~
../Core/Src/main.c:23:1: note: include '<stdio.h>' or provide a declaration of 'sprintf'
   22 | #include "tm_stm32f4_mfrc522.h"
  +++ |+#include <stdio.h>
   23 | /* Private includes ----------------------------------------------------------*/
../Core/Src/main.c:101:3: warning: incompatible implicit declaration of built-in function 'sprintf' [-Wbuiltin-declaration-mismatch]
  101 |   sprintf(buf, "RFID Reader Initialized\r\n");
      |   ^~~~~~~
../Core/Src/main.c:101:3: note: include '<stdio.h>' or provide a declaration of 'sprintf'
../Core/Src/tm_stm32f4_mfrc522.c: In function 'TM_MFRC522_WriteRegister':
../Core/Src/tm_stm32f4_mfrc522.c:101:49: warning: comparison between 'HAL_StatusTypeDef' and 'enum <anonymous>' [-Wenum-compare]
  101 |         while ((ret = HAL_SPI_GetState(&hspi4)) == HAL_SPI_STATE_BUSY);
      |                                                 ^~
../Core/Src/tm_stm32f4_mfrc522.c:104:49: warning: comparison between 'HAL_StatusTypeDef' and 'enum <anonymous>' [-Wenum-compare]
  104 |         while ((ret = HAL_SPI_GetState(&hspi4)) == HAL_SPI_STATE_BUSY);
      |                                                 ^~
../Core/Src/tm_stm32f4_mfrc522.c: In function 'TM_MFRC522_ReadRegister':
../Core/Src/tm_stm32f4_mfrc522.c:117:49: warning: comparison between 'HAL_StatusTypeDef' and 'enum <anonymous>' [-Wenum-compare]
  117 |         while ((ret = HAL_SPI_GetState(&hspi4)) == HAL_SPI_STATE_BUSY);
      |                                                 ^~
../Core/Src/tm_stm32f4_mfrc522.c:119:49: warning: comparison between 'HAL_StatusTypeDef' and 'enum <anonymous>' [-Wenum-compare]
  119 |         while ((ret = HAL_SPI_GetState(&hspi4)) == HAL_SPI_STATE_BUSY);
      |                                                 ^~
arm-none-eabi-g++ -o "RFID.elf" @"objects.list"   -mcpu=cortex-m4 -T"D:\STM32\RFID\STM32F429ZETX_FLASH.ld" --specs=nosys.specs -Wl,-Map="RFID.map" -Wl,--gc-sections -static --specs=nano.specs -mfpu=fpv4-sp-d16 -mfloat-abi=hard -mthumb -Wl,--start-group -lc -lm -lstdc++ -lsupc++ -Wl,--end-group
Finished building target: RFID.elf
 
arm-none-eabi-size  RFID.elf 
arm-none-eabi-objdump -h -S RFID.elf  > "RFID.list"
   text	   data	    bss	    dec	    hex	filename
  15964	     92	   2060	  18116	   46c4	RFID.elf
Finished building: default.size.stdout
 
Finished building: RFID.list
 

10:41:41 Build Finished. 0 errors, 6 warnings. (took 1s.261ms)

